[backblue.gif]
[fade.gif]
[index.html]
[sparkden.com/index.html]
[sparkden.com/xmlrpc.php]
[sparkden.com/feed/index.html]
[sparkden.com/comments/feed/index.html]
[sparkden.com/wp-includes/css/dist/block-library/style.mind03b.css]
[sparkden.com/wp-content/themes/Divi/core/admin/js/es6-promise.auto.mind03b.js]
[sparkden.com/wp-includes/js/jquery/jquery4a5f.js]
[sparkden.com/wp-content/themes/Divi/core/admin/js/recaptchad03b.js]
[sparkden.com/wp-content/plugins/contact-form-7/includes/css/stylesbb49.css]
[sparkden.com/wp-json/index.html]
[sparkden.com/wp-json/wp/v2/pages/230300.json]
[use.fontawesome.com/releases/v5.12.0/css/brandsd03b.css]
[sparkden.com/xmlrpc0db0.php]
[sparkden.com/wp-includes/wlwmanifest.xml]
[use.fontawesome.com/releases/v5.12.0/css/fontawesomed03b.css]
[sparkden.com/wp-content/uploads/2020/05/cropped-SparkDen-Logo_RGB_Icon-Primary-32x32.png]
[sparkden.com/wp-json/oembed/1.0/embedf7e0]
[sparkden.com/wp-json/oembed/1.0/embed2978.json]
[kit.fontawesome.com/3c52137793.js]
[sparkden.com/wp-content/uploads/2020/05/cropped-SparkDen-Logo_RGB_Icon-Primary-192x192.png]
[sparkden.com/wp-content/uploads/2020/05/cropped-SparkDen-Logo_RGB_Icon-Primary-180x180.png]
[sparkden.com/wp-content/uploads/2020/06/5-STAR-REVIEWS-1.png]
[sparkden.com/wp-content/uploads/2020/06/sparkden-white-logo-1.png]
[sparkden.com/wp-content/themes/Divi/style4235.css]
[sparkden.com/wp-includes/css/dashicons.mind03b.css]
[sparkden.com/wp-content/uploads/2020/06/undraw_process_e90d.png]
[sparkden.com/wp-content/uploads/2020/06/s3.jpg]
[sparkden.com/wp-content/uploads/2020/06/s2.jpg]
[sparkden.com/wp-content/et-cache/230300/et-core-unified-tb-229651-tb-229677-230300-15990402858497.min.css]
[sparkden.com/wp-content/et-cache/230300/et-core-unified-230300-15990402858497.min.css]
[sparkden.com/contact/index.html]
[sparkden.com/wp-content/uploads/2020/06/s1.jpg]
[sparkden.com/wp-content/uploads/2020/06/NBC-4-1.png]
[sparkden.com/wp-content/uploads/2020/06/Fox-1-1.png]
[sparkden.com/wp-content/uploads/2020/06/Sparkden-Infographic-01.png]
[sparkden.com/wp-content/plugins/contact-form-7/includes/js/scriptsbb49.js]
[sparkden.com/wp-content/uploads/2020/06/ABC-TV-1024x791-1.png]
[sparkden.com/wp-content/uploads/2020/06/badge.png]
[sparkden.com/wp-content/uploads/2020/06/CBS-2-1.png]
[sparkden.com/about/index.html]
[sparkden.com/solutions/index.html]
[sparkden.com/wp-content/plugins/contact-form-7/images/ajax-loader.gif]
[sparkden.com/wp-content/themes/Divi/core/admin/js/common4235.js]
[sparkden.com/wp-content/themes/Divi/js/custom.unified4235.js]
[sparkden.com/wp-includes/js/wp-embed.mind03b.js]
[sparkden.com/wp-content/themes/Divi/core/admin/fonts/modules.woff]
[sparkden.com/wp-content/themes/Divi/core/admin/fonts/modules.ttf]
[sparkden.com/wp-content/themes/Divi/core/admin/fonts/modules.eot]
[sparkden.com/wp-content/themes/Divi/core/admin/fonts/modulesd41d.eot]
[sparkden.com/wp-content/themes/Divi/epanel/shortcodes/images/shortcodes-sprite.png]
[sparkden.com/wp-content/themes/Divi/includes/builder/styles/images/preloader.gif]
[sparkden.com/wp-content/themes/Divi/includes/builder/styles/images/subscribe-loader.gif]
[sparkden.com/wp-content/themes/Divi/core/admin/fonts/modules.svg]
[sparkden.com/wp-json/wp/v2/pages/174.json]
[sparkden.com/wp-includes/fonts/dashicons7d4b.ttf]
[sparkden.com/wp-content/uploads/2020/06/Artboard-2.png]
[sparkden.com/wp-includes/fonts/dashicons7d4b.eot]
[sparkden.com/index0325.html]
[sparkden.com/wp-json/wp/v2/pages/134.json]
[sparkden.com/wp-json/oembed/1.0/embed515c]
[sparkden.com/wp-json/oembed/1.0/embed6b37.json]
[sparkden.com/wp-content/et-cache/174/et-core-unified-tb-230239-tb-229677-174-1598940546807.min.css]
[sparkden.com/wp-json/oembed/1.0/embeda51f.json]
[sparkden.com/wp-content/et-cache/174/et-core-unified-174-1598940546807.min.css]
[sparkden.com/wp-json/oembed/1.0/embedcd90]
[sparkden.com/index47f2.html]
[sparkden.com/wp-content/uploads/2020/06/undraw_work_together_h63l.png]
[sparkden.com/wp-content/uploads/2020/06/icons8-no-gluten-96.png]
[sparkden.com/wp-content/et-cache/134/et-core-unified-tb-230192-tb-229677-134-15989137324777.min.css]
[sparkden.com/wp-json/wp/v2/pages/186.json]
[sparkden.com/wp-content/uploads/2020/06/icons8-no-nuts-96.png]
[sparkden.com/wp-content/et-cache/134/et-core-unified-134-15989137324777.min.css]
[sparkden.com/wp-content/uploads/2020/06/icons8-sell-stock-96.png]
[sparkden.com/wp-content/uploads/2020/06/My-Skills-About-Page-.png]
[sparkden.com/index146c.html]
[sparkden.com/wp-json/oembed/1.0/embedf695.json]
[sparkden.com/wp-json/oembed/1.0/embedc396]
[sparkden.com/wp-content/et-cache/186/et-core-unified-tb-230232-tb-229677-186-15989145071045.min.css]
[sparkden.com/wp-content/et-cache/186/et-core-unified-186-15989145071045.min.css]
[sparkden.com/wp-content/uploads/2020/07/sec-03.png]
[sparkden.com/wp-content/uploads/2020/07/sec-02.png]
[sparkden.com/wp-content/uploads/2020/07/sec-01.png]
